
Running 170 tests using 2 workers

  ✓    1 [setup] › tests/auth.setup.ts:6:6 › authenticate (6.7s)
  ✓    2 [chromium] › tests/auth.spec.ts:9:7 › Authentication Flow › should display login page with all elements (1.5s)
  ✓    4 [chromium] › tests/auth.spec.ts:37:7 › Authentication Flow › should show error for invalid email format (1.7s)
  ✓    5 [chromium] › tests/auth.spec.ts:53:7 › Authentication Flow › should show error for incorrect credentials (3.8s)
  ✘    3 [chromium] › tests/auth.spec.ts:25:7 › Authentication Flow › should show validation errors for empty fields (7.0s)
  -    7 [chromium] › tests/auth.spec.ts:92:7 › Authentication Flow › should redirect to verify page if email not verified
  ✓    8 [chromium] › tests/auth.spec.ts:98:7 › Authentication Flow › should have password visibility toggle (688ms)
  ✓    6 [chromium] › tests/auth.spec.ts:69:7 › Authentication Flow › should successfully login with valid credentials (2.3s)
⚠️  Logout button not found - manual logout may be required
  ✓   10 [chromium] › tests/auth.spec.ts:139:7 › Authentication Flow › should logout successfully (2.6s)
  -   11 [chromium] › tests/auth.spec.ts:189:7 › Password Reset Flow › should navigate to forgot password page
  -   12 [chromium] › tests/auth.spec.ts:205:7 › Password Reset Flow › should submit password reset request
  ✓    9 [chromium] › tests/auth.spec.ts:116:7 › Authentication Flow › should maintain session after page reload (4.6s)
  ✘   13 [chromium] › tests/auth.spec.ts:226:7 › Registration Flow › should navigate to registration page if available (1.8s)
  ✓   14 [chromium] › tests/auth.spec.ts:243:7 › Email Verification › should display verification page (3.9s)
  ✓   16 [chromium] › tests/employee-management.spec.ts:19:7 › Employee Management (via HRIS) › should search for employees (1.7s)
  ✓   15 [chromium] › tests/employee-management.spec.ts:8:7 › Employee Management (via HRIS) › should display employee list (3.6s)
  ✓   17 [chromium] › tests/employee-management.spec.ts:29:7 › Employee Management (via HRIS) › should filter employees by department (2.2s)
  ✓   18 [chromium] › tests/employee-management.spec.ts:41:7 › Employee Management (via HRIS) › should view employee profile (2.0s)
  ✓   20 [chromium] › tests/employee-management.spec.ts:69:7 › Attendance Management › should mark attendance for employee (4.4s)
  ✓   19 [chromium] › tests/employee-management.spec.ts:59:7 › Attendance Management › should display attendance dashboard (4.5s)
  ✓   21 [chromium] › tests/employee-management.spec.ts:87:7 › Attendance Management › should view attendance history (3.6s)
  ✓   22 [chromium] › tests/employee-management.spec.ts:101:7 › Leave Management › should display leave balance (3.7s)
  ✓   24 [chromium] › tests/employee-management.spec.ts:153:7 › Leave Management › should approve leave request as admin (2.2s)
  ✓   23 [chromium] › tests/employee-management.spec.ts:111:7 › Leave Management › should submit leave request (4.9s)
  ✘   25 [chromium] › tests/general.spec.ts:4:7 › Responsive Design Tests › should display properly on mobile devices (5.9s)
  ✘   26 [chromium] › tests/general.spec.ts:12:7 › Responsive Design Tests › should display properly on tablet devices (5.7s)
  ✓   28 [chromium] › tests/general.spec.ts:41:7 › Accessibility Tests › should have proper heading hierarchy (645ms)
  ✓   29 [chromium] › tests/general.spec.ts:49:7 › Accessibility Tests › should have accessible form labels (608ms)
  ✓   30 [chromium] › tests/general.spec.ts:70:7 › Accessibility Tests › should support keyboard navigation (626ms)
  ✓   31 [chromium] › tests/general.spec.ts:85:7 › Performance Tests › should load homepage within acceptable time (591ms)
  ✓   32 [chromium] › tests/general.spec.ts:94:7 › Performance Tests › should have no console errors on homepage (873ms)
  ✘   27 [chromium] › tests/general.spec.ts:19:7 › Responsive Design Tests › should have mobile navigation menu (12.2s)
  ✘   33 [chromium] › tests/general.spec.ts:115:7 › Navigation Tests › should navigate through main sections (11.5s)
  ✓   35 [chromium] › tests/general.spec.ts:159:7 › Error Handling › should display 404 page for invalid routes (687ms)
  ✘   36 [chromium] › tests/general.spec.ts:169:7 › Error Handling › should handle network errors gracefully (2.2s)
  ✘   34 [chromium] › tests/general.spec.ts:133:7 › Navigation Tests › should maintain state during navigation (11.1s)
  ✓   37 [chromium] › tests/general.spec.ts:186:7 › Security Tests › should redirect unauthenticated users to login (2.7s)
  ✓   38 [chromium] › tests/general.spec.ts:202:7 › Security Tests › should prevent XSS in input fields (675ms)
  ✓   39 [chromium] › tests/general.spec.ts:195:7 › Security Tests › should have secure password input (826ms)
  ✓   41 [chromium] › tests/operations-hr.spec.ts:4:7 › Onboarding Management › should display onboarding page (4.2s)
  ✓   42 [chromium] › tests/operations-hr.spec.ts:12:7 › Onboarding Management › should view onboarding checklist (4.2s)
  ✘   40 [chromium] › tests/general.spec.ts:216:7 › Search Functionality › should search across the platform (11.1s)
  ✓   43 [chromium] › tests/operations-hr.spec.ts:22:7 › Onboarding Management › should complete onboarding task (3.0s)
  ✓   45 [chromium] › tests/operations-hr.spec.ts:43:7 › Onboarding Management › should create onboarding workflow as admin (2.1s)
  ✓   44 [chromium] › tests/operations-hr.spec.ts:33:7 › Onboarding Management › should view onboarding progress (3.7s)
  ✓   46 [chromium] › tests/operations-hr.spec.ts:65:7 › Onboarding Management › should approve onboarding task as admin (2.0s)
  ✓   47 [chromium] › tests/operations-hr.spec.ts:76:7 › Onboarding Management › should view all onboarding processes as admin (2.0s)
  ✓   48 [chromium] › tests/operations-hr.spec.ts:88:7 › Offboarding Management › should display offboarding page (3.5s)
  ✓   49 [chromium] › tests/operations-hr.spec.ts:96:7 › Offboarding Management › should initiate offboarding as admin (3.0s)
  ✓   50 [chromium] › tests/operations-hr.spec.ts:135:7 › Offboarding Management › should view offboarding checklist (2.0s)
  ✓   51 [chromium] › tests/operations-hr.spec.ts:145:7 › Offboarding Management › should complete offboarding task as admin (2.2s)
  ✓   52 [chromium] › tests/operations-hr.spec.ts:156:7 › Offboarding Management › should view offboarding progress (2.2s)
  ✓   53 [chromium] › tests/operations-hr.spec.ts:166:7 › Offboarding Management › should finalize offboarding as admin (2.2s)
  ✓   54 [chromium] › tests/operations-hr.spec.ts:185:7 › HRIS - Human Resource Information System › should display HRIS page (2.3s)
  ✓   55 [chromium] › tests/operations-hr.spec.ts:193:7 › HRIS - Human Resource Information System › should search for employees (2.1s)
  ✓   56 [chromium] › tests/operations-hr.spec.ts:208:7 › HRIS - Human Resource Information System › should filter employees by department (2.0s)
  ✓   57 [chromium] › tests/operations-hr.spec.ts:224:7 › HRIS - Human Resource Information System › should filter employees by position (2.1s)
  ✓   58 [chromium] › tests/operations-hr.spec.ts:235:7 › HRIS - Human Resource Information System › should view employee profile (2.0s)
  ✓   59 [chromium] › tests/operations-hr.spec.ts:252:7 › HRIS - Human Resource Information System › should add new employee as admin (2.1s)
  ✓   60 [chromium] › tests/operations-hr.spec.ts:289:7 › HRIS - Human Resource Information System › should edit employee information as admin (2.1s)
  ✓   61 [chromium] › tests/operations-hr.spec.ts:317:7 › HRIS - Human Resource Information System › should export employee list as admin (2.2s)
  ✓   62 [chromium] › tests/operations-hr.spec.ts:333:7 › HRIS - Human Resource Information System › should view employee reporting structure (2.1s)
  ✓   63 [chromium] › tests/operations-hr.spec.ts:349:7 › HRIS - Human Resource Information System › should view employee statistics (2.3s)
  ✓   64 [chromium] › tests/operations-hr.spec.ts:361:7 › Stakeholder Issues Management › should display stakeholder issues page (5.7s)
  ✓   65 [chromium] › tests/operations-hr.spec.ts:369:7 › Stakeholder Issues Management › should create new stakeholder issue (5.4s)
  ✓   66 [chromium] › tests/operations-hr.spec.ts:396:7 › Stakeholder Issues Management › should view stakeholder issue details (2.0s)
  ✓   67 [chromium] › tests/operations-hr.spec.ts:407:7 › Stakeholder Issues Management › should update stakeholder issue status (2.0s)
  ✓   68 [chromium] › tests/operations.spec.ts:8:9 › Complaint Management › should display complaint page (2.1s)
  ✓   70 [chromium] › tests/operations.spec.ts:51:9 › Complaint Management › should view complaint details (2.3s)
  ✓   71 [chromium] › tests/operations.spec.ts:62:9 › Complaint Management › should resolve complaint as admin (2.1s)
  ✓   72 [chromium] › tests/operations.spec.ts:81:9 › Requisition Management › should display requisition page (9.0s)
  ✓   73 [chromium] › tests/operations.spec.ts:91:9 › Requisition Management › should submit a new requisition (3.1s)
  ✓   74 [chromium] › tests/operations.spec.ts:124:9 › Requisition Management › should approve requisition as admin (2.5s)
  ✓   75 [chromium] › tests/operations.spec.ts:143:9 › Notice Management › should display notice board (4.2s)
  ✓   76 [chromium] › tests/operations.spec.ts:153:9 › Notice Management › should create notice as admin (2.6s)
  ✓   77 [chromium] › tests/operations.spec.ts:186:9 › Notice Management › should view notice details (2.0s)
  ✘   69 [chromium] › tests/operations.spec.ts:18:9 › Complaint Management › should submit a new complaint (30.1s)
  ✓   78 [chromium] › tests/operations.spec.ts:199:9 › Task Management › should display task page (6.2s)
Start date input value: 2025-11-14
End date input value: 2025-12-31
  ✓   80 [chromium] › tests/operations.spec.ts:288:9 › Task Management › should view task details (UI-driven) (12.8s)
  ✘   79 [chromium] › tests/operations.spec.ts:211:9 › Task Management › should create a new task (18.5s)
  ✓   82 [chromium] › tests/operations.spec.ts:330:9 › Task Management › should assign task to team member (4.7s)
No complete button found - task may already be completed or feature not available
  ✓   83 [chromium] › tests/operations.spec.ts:363:9 › Task Management › should mark task as complete (3.7s)
  ✘   81 [chromium] › tests/operations.spec.ts:312:9 › Task Management › should filter tasks by status (10.1s)
  ✓   84 [chromium] › tests/operations.spec.ts:388:9 › Task Management › should delete task as admin (4.6s)
  ✓   85 [chromium] › tests/payroll.spec.ts:8:7 › Payroll Management - Admin › should display payroll dashboard (14.4s)
  ✓   86 [chromium] › tests/payroll.spec.ts:18:7 › Payroll Management - Admin › should generate payroll (12.2s)
  ✓   87 [chromium] › tests/payroll.spec.ts:35:7 › Payroll Management - Admin › should view payroll history (2.1s)
  ✓   89 [chromium] › tests/payroll.spec.ts:70:7 › Payroll Management - Admin › should export payroll report (2.1s)
  ✓   88 [chromium] › tests/payroll.spec.ts:47:7 › Payroll Management - Admin › should adjust employee salary (2.7s)
  ✘   90 [chromium] › tests/payroll.spec.ts:89:7 › Payroll Management - Employee › should view own payslip (2.1s)
  ✓   91 [chromium] › tests/payroll.spec.ts:100:7 › Payroll Management - Employee › should download payslip (2.6s)
  ✓   92 [chromium] › tests/payroll.spec.ts:116:7 › Payroll Management - Employee › should view payroll history (2.1s)
  ✘   93 [chromium] › tests/payroll.spec.ts:127:7 › Payroll Management - Employee › should not see other employees payroll (2.0s)
  ✓   94 [chromium] › tests/payroll.spec.ts:138:7 › Salary Management › should view salary change log (2.1s)
  ✘   96 [chromium] › tests/project-management.spec.ts:13:7 › Project Management - Admin › should show create new project tab for admin (9.8s)
  ✘   95 [chromium] › tests/project-management.spec.ts:4:7 › Project Management - Admin › should display project management page (11.1s)
  ✓   97 [chromium] › tests/project-management.spec.ts:21:7 › Project Management - Admin › should create a new project (4.3s)
  ✓   98 [chromium] › tests/project-management.spec.ts:50:7 › Project Management - Admin › should view ongoing projects (4.5s)
  ✓  100 [chromium] › tests/project-management.spec.ts:78:7 › Project Management - Admin › should filter and search projects (1.0s)
  ✘   99 [chromium] › tests/project-management.spec.ts:66:7 › Project Management - Admin › should view completed projects (3.4s)
  ✘  101 [chromium] › tests/project-management.spec.ts:91:7 › Project Management - Employee › should not show create new project tab for employee (2.2s)
  ✓  103 [chromium] › tests/project-management.spec.ts:109:7 › Project Details › should view project details (1.1s)
  ✘  102 [chromium] › tests/project-management.spec.ts:100:7 › Project Management - Employee › should view assigned projects only (2.2s)
  ✓  104 [chromium] › tests/project-management.spec.ts:125:7 › Project Details › should view project milestones (2.1s)
  ✓  105 [chromium] › tests/services-management.spec.ts:4:7 › Requisition Management › should display requisition page (3.3s)
  ✓  106 [chromium] › tests/services-management.spec.ts:12:7 › Requisition Management › should create a new requisition (3.6s)
  ✓  107 [chromium] › tests/services-management.spec.ts:38:7 › Requisition Management › should view requisition history (2.4s)
  ✓  108 [chromium] › tests/services-management.spec.ts:49:7 › Requisition Management › should approve requisition as admin (2.6s)
  ✓  109 [chromium] › tests/services-management.spec.ts:66:7 › Requisition Management › should reject requisition as admin (2.5s)
  ✓  111 [chromium] › tests/services-management.spec.ts:98:7 › Settlement Management › should create a new settlement request (10.8s)
  ✓  110 [chromium] › tests/services-management.spec.ts:90:7 › Settlement Management › should display settlement page (12.2s)
  ✓  112 [chromium] › tests/services-management.spec.ts:124:7 › Settlement Management › should view settlement history (2.2s)
  ✓  113 [chromium] › tests/services-management.spec.ts:135:7 › Settlement Management › should approve settlement as admin (2.2s)
  ✓  114 [chromium] › tests/services-management.spec.ts:154:7 › Complaint Management › should display complaint page (2.4s)
  ✓  116 [chromium] › tests/services-management.spec.ts:194:7 › Complaint Management › should view complaint details (2.0s)
  ✓  117 [chromium] › tests/services-management.spec.ts:205:7 › Complaint Management › should resolve complaint as admin (2.0s)
  ✓  118 [chromium] › tests/services-management.spec.ts:232:7 › Complaint Management › should filter complaints by status (2.0s)
  ✓  119 [chromium] › tests/services-management.spec.ts:245:7 › Payroll Management › should display payroll page (2.1s)
  ✓  120 [chromium] › tests/services-management.spec.ts:253:7 › Payroll Management › should view own payslip (2.0s)
  ✓  121 [chromium] › tests/services-management.spec.ts:263:7 › Payroll Management › should download payslip (2.3s)
  ✓  122 [chromium] › tests/services-management.spec.ts:279:7 › Payroll Management › should view payroll history (2.0s)
  ✘  123 [chromium] › tests/services-management.spec.ts:290:7 › Payroll Management › should not see other employees payroll (2.0s)
  ✓  124 [chromium] › tests/services-management.spec.ts:298:7 › Payroll Management › should generate payroll as admin (5.4s)
  ✓  125 [chromium] › tests/services-management.spec.ts:309:7 › Payroll Management › should view all employees payroll as admin (2.0s)
  ✓  126 [chromium] › tests/services-management.spec.ts:319:7 › Payroll Management › should adjust employee salary as admin (2.6s)
  ✘  115 [chromium] › tests/services-management.spec.ts:162:7 › Complaint Management › should submit a new complaint (30.1s)
  ✓  128 [chromium] › tests/smoke-and-visual.spec.ts:10:7 › Smoke Tests › homepage loads successfully (796ms)
  ✓  127 [chromium] › tests/services-management.spec.ts:340:7 › Payroll Management › should export payroll report as admin (2.9s)
  ✘  129 [chromium] › tests/smoke-and-visual.spec.ts:15:7 › Smoke Tests › can login as admin (11.3s)
  ✘  130 [chromium] › tests/smoke-and-visual.spec.ts:20:7 › Smoke Tests › can login as employee (11.4s)
  ✘  132 [chromium] › tests/smoke-and-visual.spec.ts:34:7 › Smoke Tests › all main navigation links are accessible (12.2s)
  ✘  131 [chromium] › tests/smoke-and-visual.spec.ts:25:7 › Smoke Tests › dashboard loads after login (13.1s)
